Archive member included to satisfy reference by file (symbol)

../test4_bsp/\libhal_bsp.a(alt_load.o)
                              ../test4_bsp//obj/HAL/src/crt0.o (alt_load)
../test4_bsp/\libhal_bsp.a(alt_main.o)
                              ../test4_bsp//obj/HAL/src/crt0.o (alt_main)
../test4_bsp/\libhal_bsp.a(alt_sys_init.o)
                              ../test4_bsp/\libhal_bsp.a(alt_main.o) (alt_irq_init)
../test4_bsp/\libhal_bsp.a(alt_dcache_flush_all.o)
                              ../test4_bsp/\libhal_bsp.a(alt_load.o) (alt_dcache_flush_all)
../test4_bsp/\libhal_bsp.a(alt_icache_flush_all.o)
                              ../test4_bsp/\libhal_bsp.a(alt_load.o) (alt_icache_flush_all)
../test4_bsp/\libhal_bsp.a(altera_nios2_gen2_irq.o)
                              ../test4_bsp/\libhal_bsp.a(alt_sys_init.o) (altera_nios2_gen2_irq_init)

Memory Configuration

Name             Origin             Length             Attributes
reset            0x0000000000008000 0x0000000000000020
ram              0x0000000000008020 0x0000000000004fe0
*default*        0x0000000000000000 0xffffffffffffffff

Linker script and memory map

LOAD ../test4_bsp//obj/HAL/src/crt0.o
LOAD obj/default/hello_world_small.o
LOAD c:/intelfpga_lite/18.1/nios2eds/bin/gnu/h-x86_64-mingw32/bin/../lib/gcc/nios2-elf/5.3.0/../../../../../H-x86_64-mingw32/nios2-elf/lib/mno-hw-mul\libstdc++.a
LOAD c:/intelfpga_lite/18.1/nios2eds/bin/gnu/h-x86_64-mingw32/bin/../lib/gcc/nios2-elf/5.3.0/../../../../../H-x86_64-mingw32/nios2-elf/lib/mno-hw-mul\libm.a
LOAD c:/intelfpga_lite/18.1/nios2eds/bin/gnu/h-x86_64-mingw32/bin/../lib/gcc/nios2-elf/5.3.0/mno-hw-mul\libgcc.a
START GROUP
LOAD c:/intelfpga_lite/18.1/nios2eds/bin/gnu/h-x86_64-mingw32/bin/../lib/gcc/nios2-elf/5.3.0/../../../../../H-x86_64-mingw32/nios2-elf/lib/mno-hw-mul\libsmallc.a
LOAD c:/intelfpga_lite/18.1/nios2eds/bin/gnu/h-x86_64-mingw32/bin/../lib/gcc/nios2-elf/5.3.0/mno-hw-mul\libgcc.a
LOAD ../test4_bsp/\libhal_bsp.a
LOAD c:/intelfpga_lite/18.1/nios2eds/bin/gnu/h-x86_64-mingw32/bin/../lib/gcc/nios2-elf/5.3.0/../../../../../H-x86_64-mingw32/nios2-elf/lib/mno-hw-mul\libm.a
END GROUP
LOAD c:/intelfpga_lite/18.1/nios2eds/bin/gnu/h-x86_64-mingw32/bin/../lib/gcc/nios2-elf/5.3.0/mno-hw-mul\libgcc.a
                0x0000000000008000                __alt_mem_ram = 0x8000

.entry          0x0000000000008000       0x20
 *(.entry)
 .entry         0x0000000000008000       0x20 ../test4_bsp//obj/HAL/src/crt0.o
                0x0000000000008000                __reset
                0x000000000000800c                _exit

.exceptions     0x0000000000008020        0x0
                0x0000000000008020                PROVIDE (__ram_exceptions_start, ABSOLUTE (.))
                0x0000000000008020                . = ALIGN (0x20)
 *(.irq)
 *(.exceptions.entry.label)
 *(.exceptions.entry.user)
 *(.exceptions.entry.ecc_fatal)
 *(.exceptions.entry)
 *(.exceptions.irqtest.user)
 *(.exceptions.irqtest)
 *(.exceptions.irqhandler.user)
 *(.exceptions.irqhandler)
 *(.exceptions.irqreturn.user)
 *(.exceptions.irqreturn)
 *(.exceptions.notirq.label)
 *(.exceptions.notirq.user)
 *(.exceptions.notirq)
 *(.exceptions.soft.user)
 *(.exceptions.soft)
 *(.exceptions.unknown.user)
 *(.exceptions.unknown)
 *(.exceptions.exit.label)
 *(.exceptions.exit.user)
 *(.exceptions.exit)
 *(.exceptions)
                0x0000000000008020                PROVIDE (__ram_exceptions_end, ABSOLUTE (.))
                0x0000000000008020                PROVIDE (__flash_exceptions_start, LOADADDR (.exceptions))

.text           0x0000000000008020      0x1b4
                [!provide]                        PROVIDE (stext, ABSOLUTE (.))
 *(.interp)
 *(.hash)
 *(.dynsym)
 *(.dynstr)
 *(.gnu.version)
 *(.gnu.version_d)
 *(.gnu.version_r)
 *(.rel.init)
 *(.rela.init)
 *(.rel.text .rel.text.* .rel.gnu.linkonce.t.*)
 *(.rela.text .rela.text.* .rela.gnu.linkonce.t.*)
 *(.rel.fini)
 *(.rela.fini)
 *(.rel.rodata .rel.rodata.* .rel.gnu.linkonce.r.*)
 *(.rela.rodata .rela.rodata.* .rela.gnu.linkonce.r.*)
 *(.rel.data .rel.data.* .rel.gnu.linkonce.d.*)
 *(.rela.data .rela.data.* .rela.gnu.linkonce.d.*)
 *(.rel.tdata .rel.tdata.* .rel.gnu.linkonce.td.*)
 *(.rela.tdata .rela.tdata.* .rela.gnu.linkonce.td.*)
 *(.rel.tbss .rel.tbss.* .rel.gnu.linkonce.tb.*)
 *(.rela.tbss .rela.tbss.* .rela.gnu.linkonce.tb.*)
 *(.rel.ctors)
 *(.rela.ctors)
 *(.rel.dtors)
 *(.rela.dtors)
 *(.rel.got)
 *(.rela.got)
 *(.rel.sdata .rel.sdata.* .rel.gnu.linkonce.s.*)
 *(.rela.sdata .rela.sdata.* .rela.gnu.linkonce.s.*)
 *(.rel.sbss .rel.sbss.* .rel.gnu.linkonce.sb.*)
 *(.rela.sbss .rela.sbss.* .rela.gnu.linkonce.sb.*)
 *(.rel.sdata2 .rel.sdata2.* .rel.gnu.linkonce.s2.*)
 *(.rela.sdata2 .rela.sdata2.* .rela.gnu.linkonce.s2.*)
 *(.rel.sbss2 .rel.sbss2.* .rel.gnu.linkonce.sb2.*)
 *(.rela.sbss2 .rela.sbss2.* .rela.gnu.linkonce.sb2.*)
 *(.rel.bss .rel.bss.* .rel.gnu.linkonce.b.*)
 *(.rela.bss .rela.bss.* .rela.gnu.linkonce.b.*)
 *(.rel.plt)
 *(.rela.plt)
 *(.rel.dyn)
 *(.init)
 *(.plt)
 *(.text .stub .text.* .gnu.linkonce.t.*)
 .text          0x0000000000008020       0x3c ../test4_bsp//obj/HAL/src/crt0.o
                0x0000000000008020                _start
 .text          0x000000000000805c        0x0 obj/default/hello_world_small.o
 .text.startup  0x000000000000805c       0x38 obj/default/hello_world_small.o
                0x000000000000805c                main
 .text          0x0000000000008094       0xe0 ../test4_bsp/\libhal_bsp.a(alt_load.o)
                0x0000000000008094                alt_load
 .text          0x0000000000008174       0x2c ../test4_bsp/\libhal_bsp.a(alt_main.o)
                0x0000000000008174                alt_main
 .text          0x00000000000081a0       0x24 ../test4_bsp/\libhal_bsp.a(alt_sys_init.o)
                0x00000000000081a0                alt_irq_init
                0x00000000000081c0                alt_sys_init
 .text          0x00000000000081c4        0x4 ../test4_bsp/\libhal_bsp.a(alt_dcache_flush_all.o)
                0x00000000000081c4                alt_dcache_flush_all
 .text          0x00000000000081c8        0x4 ../test4_bsp/\libhal_bsp.a(alt_icache_flush_all.o)
                0x00000000000081c8                alt_icache_flush_all
 .text          0x00000000000081cc        0x8 ../test4_bsp/\libhal_bsp.a(altera_nios2_gen2_irq.o)
                0x00000000000081cc                altera_nios2_gen2_irq_init
 *(.gnu.warning.*)
 *(.fini)
                [!provide]                        PROVIDE (__etext, ABSOLUTE (.))
                [!provide]                        PROVIDE (_etext, ABSOLUTE (.))
                [!provide]                        PROVIDE (etext, ABSOLUTE (.))
 *(.eh_frame_hdr)
                0x00000000000081d4                . = ALIGN (0x4)
                [!provide]                        PROVIDE (__preinit_array_start, ABSOLUTE (.))
 *(.preinit_array)
                [!provide]                        PROVIDE (__preinit_array_end, ABSOLUTE (.))
                [!provide]                        PROVIDE (__init_array_start, ABSOLUTE (.))
 *(.init_array)
                [!provide]                        PROVIDE (__init_array_end, ABSOLUTE (.))
                [!provide]                        PROVIDE (__fini_array_start, ABSOLUTE (.))
 *(.fini_array)
                [!provide]                        PROVIDE (__fini_array_end, ABSOLUTE (.))
 *(.eh_frame)
 *(.gcc_except_table .gcc_except_table.*)
 *(.dynamic)
                [!provide]                        PROVIDE (__CTOR_LIST__, ABSOLUTE (.))
 *(.ctors)
 *(SORT(.ctors.*))
                [!provide]                        PROVIDE (__CTOR_END__, ABSOLUTE (.))
                [!provide]                        PROVIDE (__DTOR_LIST__, ABSOLUTE (.))
 *(.dtors)
 *(SORT(.dtors.*))
                [!provide]                        PROVIDE (__DTOR_END__, ABSOLUTE (.))
 *(.jcr)
                0x00000000000081d4                . = ALIGN (0x4)

.rodata         0x00000000000081d4        0x0
                0x00000000000081d4                PROVIDE (__ram_rodata_start, ABSOLUTE (.))
                0x00000000000081d4                . = ALIGN (0x4)
 *(.rodata .rodata.* .gnu.linkonce.r.*)
 *(.rodata1)
                0x00000000000081d4                . = ALIGN (0x4)
                0x00000000000081d4                PROVIDE (__ram_rodata_end, ABSOLUTE (.))
                0x00000000000081d4                PROVIDE (__flash_rodata_start, LOADADDR (.rodata))

.rwdata         0x00000000000081d4        0x4 load address 0x00000000000081d8
                0x00000000000081d4                PROVIDE (__ram_rwdata_start, ABSOLUTE (.))
                0x00000000000081d4                . = ALIGN (0x4)
 *(.got.plt)
 *(.got)
 *(.data1)
 *(.data .data.* .gnu.linkonce.d.*)
 .data          0x00000000000081d4        0x0 ../test4_bsp//obj/HAL/src/crt0.o
 .data          0x00000000000081d4        0x0 obj/default/hello_world_small.o
 .data          0x00000000000081d4        0x0 ../test4_bsp/\libhal_bsp.a(alt_load.o)
 .data          0x00000000000081d4        0x0 ../test4_bsp/\libhal_bsp.a(alt_main.o)
 .data          0x00000000000081d4        0x0 ../test4_bsp/\libhal_bsp.a(alt_sys_init.o)
 .data          0x00000000000081d4        0x0 ../test4_bsp/\libhal_bsp.a(alt_dcache_flush_all.o)
 .data          0x00000000000081d4        0x0 ../test4_bsp/\libhal_bsp.a(alt_icache_flush_all.o)
 .data          0x00000000000081d4        0x0 ../test4_bsp/\libhal_bsp.a(altera_nios2_gen2_irq.o)
                0x00000000000101d4                _gp = ABSOLUTE ((. + 0x8000))
                [!provide]                        PROVIDE (gp, _gp)
 *(.rwdata .rwdata.*)
 *(.sdata .sdata.* .gnu.linkonce.s.*)
 .sdata         0x00000000000081d4        0x4 ../test4_bsp/\libhal_bsp.a(alt_sys_init.o)
                0x00000000000081d4                jtag_uart_0
 *(.sdata2 .sdata2.* .gnu.linkonce.s2.*)
                0x00000000000081d8                . = ALIGN (0x4)
                0x00000000000081d8                _edata = ABSOLUTE (.)
                [!provide]                        PROVIDE (edata, ABSOLUTE (.))
                0x00000000000081d8                PROVIDE (__ram_rwdata_end, ABSOLUTE (.))
                0x00000000000081d8                PROVIDE (__flash_rwdata_start, LOADADDR (.rwdata))

.bss            0x00000000000081dc        0xc
                0x00000000000081dc                __bss_start = ABSOLUTE (.)
                [!provide]                        PROVIDE (__sbss_start, ABSOLUTE (.))
                [!provide]                        PROVIDE (___sbss_start, ABSOLUTE (.))
 *(.dynsbss)
 *(.sbss .sbss.* .gnu.linkonce.sb.*)
 .sbss          0x00000000000081dc        0xc ../test4_bsp/\libhal_bsp.a(alt_main.o)
                0x00000000000081dc                alt_envp
                0x00000000000081e0                alt_argv
                0x00000000000081e4                alt_argc
 *(.sbss2 .sbss2.* .gnu.linkonce.sb2.*)
 *(.scommon)
                [!provide]                        PROVIDE (__sbss_end, ABSOLUTE (.))
                [!provide]                        PROVIDE (___sbss_end, ABSOLUTE (.))
 *(.dynbss)
 *(.bss .bss.* .gnu.linkonce.b.*)
 .bss           0x00000000000081e8        0x0 ../test4_bsp//obj/HAL/src/crt0.o
 .bss           0x00000000000081e8        0x0 obj/default/hello_world_small.o
 .bss           0x00000000000081e8        0x0 ../test4_bsp/\libhal_bsp.a(alt_load.o)
 .bss           0x00000000000081e8        0x0 ../test4_bsp/\libhal_bsp.a(alt_main.o)
 .bss           0x00000000000081e8        0x0 ../test4_bsp/\libhal_bsp.a(alt_sys_init.o)
 .bss           0x00000000000081e8        0x0 ../test4_bsp/\libhal_bsp.a(alt_dcache_flush_all.o)
 .bss           0x00000000000081e8        0x0 ../test4_bsp/\libhal_bsp.a(alt_icache_flush_all.o)
 .bss           0x00000000000081e8        0x0 ../test4_bsp/\libhal_bsp.a(altera_nios2_gen2_irq.o)
 *(COMMON)
                0x00000000000081e8                . = ALIGN (0x4)
                0x00000000000081e8                __bss_end = ABSOLUTE (.)

.ram            0x00000000000081e8        0x0
                [!provide]                        PROVIDE (_alt_partition_ram_start, ABSOLUTE (.))
 *(.ram .ram. ram.*)
                0x00000000000081e8                . = ALIGN (0x4)
                [!provide]                        PROVIDE (_alt_partition_ram_end, ABSOLUTE (.))
                0x00000000000081e8                _end = ABSOLUTE (.)
                0x00000000000081e8                end = ABSOLUTE (.)
                0x00000000000081e8                __alt_stack_base = ABSOLUTE (.)
                [!provide]                        PROVIDE (_alt_partition_ram_load_addr, LOADADDR (.ram))

.stab
 *(.stab)

.stabstr
 *(.stabstr)

.stab.excl
 *(.stab.excl)

.stab.exclstr
 *(.stab.exclstr)

.stab.index
 *(.stab.index)

.stab.indexstr
 *(.stab.indexstr)

.comment        0x0000000000000000       0x23
 *(.comment)
 .comment       0x0000000000000000       0x23 obj/default/hello_world_small.o
                                         0x24 (size before relaxing)
 .comment       0x0000000000000023       0x24 ../test4_bsp/\libhal_bsp.a(alt_load.o)
 .comment       0x0000000000000023       0x24 ../test4_bsp/\libhal_bsp.a(alt_main.o)
 .comment       0x0000000000000023       0x24 ../test4_bsp/\libhal_bsp.a(alt_sys_init.o)
 .comment       0x0000000000000023       0x24 ../test4_bsp/\libhal_bsp.a(alt_dcache_flush_all.o)
 .comment       0x0000000000000023       0x24 ../test4_bsp/\libhal_bsp.a(alt_icache_flush_all.o)
 .comment       0x0000000000000023       0x24 ../test4_bsp/\libhal_bsp.a(altera_nios2_gen2_irq.o)

.debug
 *(.debug)

.line
 *(.line)

.debug_srcinfo
 *(.debug_srcinfo)

.debug_sfnames
 *(.debug_sfnames)

.debug_aranges  0x0000000000000000      0x108
 *(.debug_aranges)
 .debug_aranges
                0x0000000000000000       0x28 ../test4_bsp//obj/HAL/src/crt0.o
 .debug_aranges
                0x0000000000000028       0x20 obj/default/hello_world_small.o
 .debug_aranges
                0x0000000000000048       0x20 ../test4_bsp/\libhal_bsp.a(alt_load.o)
 .debug_aranges
                0x0000000000000068       0x20 ../test4_bsp/\libhal_bsp.a(alt_main.o)
 .debug_aranges
                0x0000000000000088       0x20 ../test4_bsp/\libhal_bsp.a(alt_sys_init.o)
 .debug_aranges
                0x00000000000000a8       0x20 ../test4_bsp/\libhal_bsp.a(alt_dcache_flush_all.o)
 .debug_aranges
                0x00000000000000c8       0x20 ../test4_bsp/\libhal_bsp.a(alt_icache_flush_all.o)
 .debug_aranges
                0x00000000000000e8       0x20 ../test4_bsp/\libhal_bsp.a(altera_nios2_gen2_irq.o)

.debug_pubnames
 *(.debug_pubnames)

.debug_info     0x0000000000000000      0x76d
 *(.debug_info .gnu.linkonce.wi.*)
 .debug_info    0x0000000000000000       0x6a ../test4_bsp//obj/HAL/src/crt0.o
 .debug_info    0x000000000000006a       0x96 obj/default/hello_world_small.o
 .debug_info    0x0000000000000100      0x1c9 ../test4_bsp/\libhal_bsp.a(alt_load.o)
 .debug_info    0x00000000000002c9      0x169 ../test4_bsp/\libhal_bsp.a(alt_main.o)
 .debug_info    0x0000000000000432      0x185 ../test4_bsp/\libhal_bsp.a(alt_sys_init.o)
 .debug_info    0x00000000000005b7       0x92 ../test4_bsp/\libhal_bsp.a(alt_dcache_flush_all.o)
 .debug_info    0x0000000000000649       0x92 ../test4_bsp/\libhal_bsp.a(alt_icache_flush_all.o)
 .debug_info    0x00000000000006db       0x92 ../test4_bsp/\libhal_bsp.a(altera_nios2_gen2_irq.o)

.debug_abbrev   0x0000000000000000      0x3e7
 *(.debug_abbrev)
 .debug_abbrev  0x0000000000000000       0x12 ../test4_bsp//obj/HAL/src/crt0.o
 .debug_abbrev  0x0000000000000012       0x42 obj/default/hello_world_small.o
 .debug_abbrev  0x0000000000000054       0xd8 ../test4_bsp/\libhal_bsp.a(alt_load.o)
 .debug_abbrev  0x000000000000012c       0xee ../test4_bsp/\libhal_bsp.a(alt_main.o)
 .debug_abbrev  0x000000000000021a      0x107 ../test4_bsp/\libhal_bsp.a(alt_sys_init.o)
 .debug_abbrev  0x0000000000000321       0x42 ../test4_bsp/\libhal_bsp.a(alt_dcache_flush_all.o)
 .debug_abbrev  0x0000000000000363       0x42 ../test4_bsp/\libhal_bsp.a(alt_icache_flush_all.o)
 .debug_abbrev  0x00000000000003a5       0x42 ../test4_bsp/\libhal_bsp.a(altera_nios2_gen2_irq.o)

.debug_line     0x0000000000000000      0x3f9
 *(.debug_line)
 .debug_line    0x0000000000000000       0x66 ../test4_bsp//obj/HAL/src/crt0.o
 .debug_line    0x0000000000000066       0x45 obj/default/hello_world_small.o
 .debug_line    0x00000000000000ab       0xa4 ../test4_bsp/\libhal_bsp.a(alt_load.o)
 .debug_line    0x000000000000014f       0xbd ../test4_bsp/\libhal_bsp.a(alt_main.o)
 .debug_line    0x000000000000020c      0x101 ../test4_bsp/\libhal_bsp.a(alt_sys_init.o)
 .debug_line    0x000000000000030d       0x4e ../test4_bsp/\libhal_bsp.a(alt_dcache_flush_all.o)
 .debug_line    0x000000000000035b       0x4e ../test4_bsp/\libhal_bsp.a(alt_icache_flush_all.o)
 .debug_line    0x00000000000003a9       0x50 ../test4_bsp/\libhal_bsp.a(altera_nios2_gen2_irq.o)

.debug_frame    0x0000000000000000      0x118
 *(.debug_frame)
 .debug_frame   0x0000000000000000       0x20 obj/default/hello_world_small.o
 .debug_frame   0x0000000000000020       0x30 ../test4_bsp/\libhal_bsp.a(alt_load.o)
 .debug_frame   0x0000000000000050       0x2c ../test4_bsp/\libhal_bsp.a(alt_main.o)
 .debug_frame   0x000000000000007c       0x3c ../test4_bsp/\libhal_bsp.a(alt_sys_init.o)
 .debug_frame   0x00000000000000b8       0x20 ../test4_bsp/\libhal_bsp.a(alt_dcache_flush_all.o)
 .debug_frame   0x00000000000000d8       0x20 ../test4_bsp/\libhal_bsp.a(alt_icache_flush_all.o)
 .debug_frame   0x00000000000000f8       0x20 ../test4_bsp/\libhal_bsp.a(altera_nios2_gen2_irq.o)

.debug_str      0x0000000000000000      0x3e4
 *(.debug_str)
 .debug_str     0x0000000000000000       0xf4 obj/default/hello_world_small.o
                                        0x132 (size before relaxing)
 .debug_str     0x00000000000000f4      0x151 ../test4_bsp/\libhal_bsp.a(alt_load.o)
                                        0x238 (size before relaxing)
 .debug_str     0x0000000000000245       0x8f ../test4_bsp/\libhal_bsp.a(alt_main.o)
                                        0x1b1 (size before relaxing)
 .debug_str     0x00000000000002d4       0xb2 ../test4_bsp/\libhal_bsp.a(alt_sys_init.o)
                                        0x222 (size before relaxing)
 .debug_str     0x0000000000000386       0x1f ../test4_bsp/\libhal_bsp.a(alt_dcache_flush_all.o)
                                        0x151 (size before relaxing)
 .debug_str     0x00000000000003a5       0x1f ../test4_bsp/\libhal_bsp.a(alt_icache_flush_all.o)
                                        0x151 (size before relaxing)
 .debug_str     0x00000000000003c4       0x20 ../test4_bsp/\libhal_bsp.a(altera_nios2_gen2_irq.o)
                                        0x158 (size before relaxing)

.debug_loc      0x0000000000000000       0x21
 *(.debug_loc)
 .debug_loc     0x0000000000000000       0x21 ../test4_bsp/\libhal_bsp.a(alt_sys_init.o)

.debug_macinfo
 *(.debug_macinfo)

.debug_weaknames
 *(.debug_weaknames)

.debug_funcnames
 *(.debug_funcnames)

.debug_typenames
 *(.debug_typenames)

.debug_varnames
 *(.debug_varnames)

.debug_alt_sim_info
                0x0000000000000000       0x10
 *(.debug_alt_sim_info)
 .debug_alt_sim_info
                0x0000000000000000       0x10 ../test4_bsp//obj/HAL/src/crt0.o
                0x000000000000d000                __alt_data_end = 0xd000
                0x000000000000d000                PROVIDE (__alt_stack_pointer, __alt_data_end)
                [!provide]                        PROVIDE (__alt_stack_limit, __alt_stack_base)
                [!provide]                        PROVIDE (__alt_heap_start, end)
                [!provide]                        PROVIDE (__alt_heap_limit, 0xd000)
OUTPUT(test4.elf elf32-littlenios2)

.debug_ranges   0x0000000000000000       0x78
 .debug_ranges  0x0000000000000000       0x20 ../test4_bsp//obj/HAL/src/crt0.o
 .debug_ranges  0x0000000000000020       0x10 obj/default/hello_world_small.o
 .debug_ranges  0x0000000000000030       0x48 ../test4_bsp/\libhal_bsp.a(alt_load.o)
